[nimghanim.framer.website/index.html]
[backblue.gif]
[fade.gif]
[index.html]
[framerusercontent.com/images/Des0ni0KBBAieQiwvj5xA2jXeY.jpg]
[framerusercontent.com/images/Y2hDnlZarjPJwwtYxc065dEr57A.png]
[framerusercontent.com/images/q8NoVTXbZtiUjmoqwseMRcaJE.png]
[nimghanim.framer.website/contact.html]
[framerusercontent.com/images/OnXCmbL9ofr91vrjczTdzif2dZc.jpg]
[framerusercontent.com/images/mWZiRWY6vfH8ovDJX2iFB35UXtI.jpg]
[framerusercontent.com/images/CT6jl0itRWHzucE3DJDoRPA4miQ.png]
[framerusercontent.com/images/SdUrIBp7KZDAQ9OVLILO4dtmEk.png]
[framerusercontent.com/images/xYaSQIGZaj6LRSvKZzCi4gBfz4.png]
[framerusercontent.com/images/MevwIityCZi7Si3NLywN415u4U.png]
[framerusercontent.com/images/jr3VaOdb33FGGp3LasFyx89BXY.png]
[framerusercontent.com/images/1PXd2q6c6IF743MErx1I6HZsoI.png]
[framerusercontent.com/images/fR02bFpYuJkoeKs1CDKCyjfYGmk.png]
[framerusercontent.com/images/mWZiRWY6vfH8ovDJX2iFB35UXtI9ae5.jpg]
[framerusercontent.com/images/o36Bc1ErltC0QMbYVxncv4RHww17f5.png]
[framerusercontent.com/images/kFppJflwDFLlqEjqUBOMOGDTGes.png]
[framerusercontent.com/images/QqLG1nBdIciy9J7ZPzjomblxOw.png]
[framerusercontent.com/images/y6MHlToqS8ajTj1tpX6fztcmFIc.png]
[framerusercontent.com/images/RRVbBeLYjBiJGBagFLjtqUDWg.png]
[framerusercontent.com/images/OnXCmbL9ofr91vrjczTdzif2dZc9ae5.jpg]
[framerusercontent.com/images/Fgz3vbSDftLQDNg8ftu5q2Swyjk.jpg]
[framerusercontent.com/images/B0JG0EF8Oxct5ZXwI8t9KyJvmg.jpg]
[framerusercontent.com/images/exkbR7mvEsBKgPdvXESNjNNTU.jpg]
[framerusercontent.com/images/6F3PrXfg38FjZm0CZ5RWtu7uuuo.jpg]
[framerusercontent.com/images/lazk6btsZDWr3DFM6zec2fEMDE.jpg]
[nimghanim.framer.website/index.html]
[nimghanim.framer.website/contact.html]
